VBCSCompilerPreWarmer: pre-warm launched (dotnet PID 24124)
VBCSCompiler prewarm took 3.28 ms
[Licensing::Module] Trying to connect to existing licensing client channel...
Built from '6000.6/respin/6000.6.0f1-fa21a270ab12' branch; Version is '6000.6.0f1 (f7f8ed4d1e24) revision 16251117'; Using compiler version '194234433'; Build Type 'Release'
[Licensing::IpcConnector] Channel LicenseClient-PC doesn't exist
OS: 'Windows 10  (10.0.19045) 64bit Professional' Language: 'en' Physical Memory: 16194 MB
BatchMode: 1, IsHumanControllingUs: 0, StartBugReporterOnCrash: 0, Is64bit: 1
System  architecture: x64
Process architecture: x64
Date: 2026-09-06T09:55:30Z
[Licensing::Module] Successfully launched the LicensingClient (PId: 22724)

COMMAND LINE ARGUMENTS:
C:\Program Files\Unity\Hub\Editor\6000.6.0f1\Editor\Unity.exe
-batchmode
-quit
-projectPath
C:/Users/PC/Desktop/Game/VuonNho
-executeMethod
VuonNho.EditorTools.GardenArtImporter.ImportAndBuild
-logFile
C:/Users/PC/Desktop/Game/VuonNho/Docs/Art/enhance-import.log
Successfully changed project path to: C:/Users/PC/Desktop/Game/VuonNho
C:/Users/PC/Desktop/Game/VuonNho
[UnityMemory] Configuration Parameters - Can be set up in boot.config
    "memorysetup-temp-allocator-size-gi-baking-worker=262144"
    "memorysetup-temp-allocator-size-gi-baking-worker=262144"
    "memorysetup-temp-allocator-size-gi-baking-worker=262144"
    "memorysetup-temp-allocator-size-gi-baking-worker=262144"
    "memorysetup-temp-allocator-size-gi-baking-worker=262144"
    "memorysetup-temp-allocator-size-nav-mesh-worker=65536"
    "memorysetup-temp-allocator-size-audio-worker=65536"
    "memorysetup-temp-allocator-size-cloud-worker=32768"
    "memorysetup-temp-allocator-size-gfx=262144"
    "memorysetup-remapper-allocator-initial-capacity=32768"
    "memorysetup-temp-allocator-size-preload-manager=33554432"
    "memorysetup-allocator-temp-initial-block-size-main=262144"
    "memorysetup-allocator-temp-initial-block-size-worker=262144"
    "memorysetup-temp-allocator-size-job-worker=262144"
    "memorysetup-temp-allocator-size-background-worker=32768"
    "memorysetup-bucket-allocator-granularity=16"
    "memorysetup-bucket-allocator-bucket-count=8"
    "memorysetup-bucket-allocator-block-size=33554432"
    "memorysetup-bucket-allocator-block-count=8"
    "memorysetup-main-allocator-block-size=16777216"
    "memorysetup-thread-allocator-block-size=16777216"
    "memorysetup-main-allocator-mimalloc-enabled=1"
    "memorysetup-gfx-main-allocator-block-size=16777216"
    "memorysetup-gfx-thread-allocator-block-size=16777216"
    "memorysetup-cache-allocator-block-size=4194304"
    "memorysetup-typetree-allocator-block-size=2097152"
    "memorysetup-profiler-bucket-allocator-granularity=16"
    "memorysetup-profiler-bucket-allocator-bucket-count=8"
    "memorysetup-profiler-bucket-allocator-block-size=33554432"
    "memorysetup-profiler-bucket-allocator-block-count=8"
    "memorysetup-profiler-allocator-block-size=16777216"
    "memorysetup-profiler-editor-allocator-block-size=1048576"
    "memorysetup-temp-allocator-size-main=16777216"
    "memorysetup-job-temp-allocator-block-size=2097152"
    "memorysetup-job-temp-allocator-block-size-background=1048576"
    "memorysetup-job-temp-allocator-reduction-small-platforms=262144"
Logging is directed to a specific file, skipping project log.
Player connection [28564]  Target information:

Player connection [28564]  * "[IP] 192.168.102.61 [Port] 55504 [Flags] 2 [Guid] 3918932280 [EditorId] 3918932280 [Version] 1048832 [Id] WindowsEditor(7,DESKTOP-4OFHBEV) [Debug] 1 [PackageName] WindowsEditor [ProjectName] Editor" 

Player connection [28564]  * "[IP] 26.253.10.125 [Port] 55504 [Flags] 2 [Guid] 3918932280 [EditorId] 3918932280 [Version] 1048832 [Id] WindowsEditor(7,DESKTOP-4OFHBEV) [Debug] 1 [PackageName] WindowsEditor [ProjectName] Editor" 

Player connection [28564]  * "[IP] 172.17.48.1 [Port] 55504 [Flags] 2 [Guid] 3918932280 [EditorId] 3918932280 [Version] 1048832 [Id] WindowsEditor(7,DESKTOP-4OFHBEV) [Debug] 1 [PackageName] WindowsEditor [ProjectName] Editor" 

Player connection [28564]  * "[IP] 172.24.64.1 [Port] 55504 [Flags] 2 [Guid] 3918932280 [EditorId] 3918932280 [Version] 1048832 [Id] WindowsEditor(7,DESKTOP-4OFHBEV) [Debug] 1 [PackageName] WindowsEditor [ProjectName] Editor" 

Player connection [28564] Host joined multi-casting on [225.0.0.222:54997]...
Player connection [28564] Host joined alternative multi-casting on [225.0.0.222:34997]...
Input System module state changed to: Initialized.
[Physics::Module] Initialized fallback backend.
[Physics::Module] Id: 0xdecafbad
[Licensing::IpcConnector] Successfully connected to: "LicenseClient-PC" at "2026-09-06T09:55:30.6728045Z"
[Licensing::Client] Code 10 while verifying Licensing Client signature (process Id: 22724, path: "C:/Program Files/Unity/Hub/Editor/6000.6.0f1/Editor/Data/Resources/Licensing/Client/Unity.Licensing.Client.exe")
[Licensing::Module] LicensingClient has failed validation; ignoring
[Package Manager] Connected to IPC stream "Upm-12304" after 0.3 seconds.
[Licensing::Module] Licensing is not yet initialized.
[Licensing::Client] Handshaking with LicensingClient:
  Version:                 1.18.3+d7ffd15
  Session Id:              c91715d3fe244917b76fe755be6fbf73
  Correlation Id:          09406a24c2f7c82b60e85a3d42611227
  External correlation Id: 3116972800145886163
  Machine Id:              z1pjomhBllzMhtjglAr7BxBSrtw=
[Licensing::Module] Successfully connected to LicensingClient on channel: "LicenseClient-PC" (connect: 0.25s, validation: 0.19s, handshake: 0.10s)
[Licensing::IpcConnector] Successfully connected to: "LicenseClient-PC-notifications" at "2026-09-06T09:55:30.9699215Z"
[Licensing::Module] Connected to LicensingClient (PId: 22724, launch time: 0.00, total connection time: 0.54s)
[Licensing::Module] Error: Access token is unavailable; failed to update
[Licensing::Client] Successfully resolved entitlement details
[Licensing::Module] License group:
  Id: 18968494989423-UnityPersXXXX
  Product: Unity Personal
  Type: Assigned
  Expiration: Unlimited
[Licensing::Client] Successfully updated license, isAsync: True, time: 0.01
[Licensing::Client] Successfully resolved entitlement details
[Licensing::Module] Licensing Background thread has ended after 0.58s
[Licensing::Module] Licensing is initialized (took 0.09s).
[Licensing::Client] Successfully resolved entitlement details
Library Redirect Path: Library/
Launching Unity Data Store - C:/Program Files/Unity/Hub/Editor/6000.6.0f1/Editor/Data/Tools/Unity.DataStore.exe 
Unity Data Store artifact dir = Library/DataStore, working dir = C:/Users/PC/Desktop/Game/VuonNho[Physics::Module] Selected backend.
[Physics::Module] Name: PhysX
[Physics::Module] Id: 0xf2b8ea05
[Physics::Module] SDK Version: 4.1.2
[Physics::Module] Integration Version: 1.0.0
[Physics::Module] Threading Mode: Multi-Threaded
Unity Data Store running and initialised
Initialize engine version: 6000.6.0f1 (f7f8ed4d1e24)
[EntityIdStore] init: VM path (explicit commit), pageSize=4096, blockCount=1048576, entitiesPerBlock=256, slots reserved=4294967296 bytes
[Subsystems] Discovering subsystems at path C:/Program Files/Unity/Hub/Editor/6000.6.0f1/Editor/Data/Resources/UnitySubsystems
[Subsystems] Discovering subsystems at path C:/Users/PC/Desktop/Game/VuonNho/Assets
GfxDevice: creating device client; kGfxThreadingModeNonThreaded
d3d12: failed to query info queue interface (0x80004002).
Direct3D:
    Version:         Direct3D 12 [level 12.2]
    Renderer:        NVIDIA GeForce RTX 3060 (ID=0x2504)
    Vendor:          NVIDIA
    VRAM:            12115 MB
    App VRAM Budget: 11347 MB
    Driver:          32.0.15.6109
Initialize mono
Mono path[0] = 'C:/Program Files/Unity/Hub/Editor/6000.6.0f1/Editor/Data/Managed'
Mono path[1] = 'C:/Program Files/Unity/Hub/Editor/6000.6.0f1/Editor/Data/BCLExtensions/runtime/netstandard2.1'
Mono path[2] = 'C:/Program Files/Unity/Hub/Editor/6000.6.0f1/Editor/Data/MonoBleedingEdge/lib/mono/unityjit-win32'
Mono config path = 'C:/Program Files/Unity/Hub/Editor/6000.6.0f1/Editor/Data/MonoBleedingEdge/etc'
Using monoOptions --debugger-agent=transport=dt_socket,embedding=1,server=y,suspend=n,address=127.0.0.1:56304
CodeReloadManager initialized
ImportWorker Server TCP listen port: 0
AcceleratorClientConnectionCallback - disconnected - :0
Begin MonoManager ReloadAssembly
Registering precompiled unity dll's ...
Register platform support module: C:/Program Files/Unity/Hub/Editor/6000.6.0f1/Editor/Data/PlaybackEngines/WebGLSupport/UnityEditor.WebGL.Extensions.dll
Register platform support module: C:/Program Files/Unity/Hub/Editor/6000.6.0f1/Editor/Data/PlaybackEngines/WindowsStandaloneSupport/UnityEditor.WindowsStandalone.Extensions.dll
Registered in 0.001805 seconds.
Native extension for WindowsStandalone target not found
Native extension for WebGL target not found
Package Manager log level set to [2]
ScheduleIndexationOnStartup MainProcess:False IndexOnStartup:False
Scripting: successfully reloaded assembly
- Finished resetting the current domain, in  0.682 seconds
Domain Reload Profiling: 1235ms
	BeginReloadAssembly (159ms)
		CreateAndSetChildDomain (38ms)
	RebuildCommonClasses (5ms)
	RebuildNativeTypeToScriptingClass (15ms)
	initialDomainReloadingComplete (59ms)
	LoadAllAssembliesAndSetupDomain (314ms)
		LoadAssemblies (118ms)
		TypeCache.Refresh (207ms)
			TypeCache.ScanAssembly (193ms)
		AnalyzeDomain (1ms)
	FinalizeReload (683ms)
		SetupLoadedEditorAssemblies (0ms)
			BeforeProcessingInitializeOnLoad (101ms)
			ProcessInitializeOnLoadAttributes (140ms)
			ProcessInitializeOnLoadMethodAttributes (215ms)
[Licensing::Client] Successfully resolved entitlement details
Application.AssetDatabase Initial Refresh Start
[Package Manager] Restoring resolved packages state from cache
[Licensing::Client] Successfully resolved entitlement details
[Package Manager] Registered 54 packages:
  Packages from [https://packages.unity.com]:
    com.unity.ide.rider@3.0.38 (location: C:\Users\PC\Desktop\Game\VuonNho\Library\PackageCache\com.unity.ide.rider@1f60b3138684)
    com.unity.ide.visualstudio@2.0.26 (location: C:\Users\PC\Desktop\Game\VuonNho\Library\PackageCache\com.unity.ide.visualstudio@a99d56dec63f)
    com.unity.searcher@4.9.5 (location: C:\Users\PC\Desktop\Game\VuonNho\Library\PackageCache\com.unity.searcher@a463122f2c00)
    com.unity.profiling.core@1.0.3 (location: C:\Users\PC\Desktop\Game\VuonNho\Library\PackageCache\com.unity.profiling.core@8a49f7027d06)
    com.unity.nuget.mono-cecil@1.11.6 (location: C:\Users\PC\Desktop\Game\VuonNho\Library\PackageCache\com.unity.nuget.mono-cecil@ecb9724e46ff)
  Built-in packages:
    com.unity.modules.accessibility@1.0.0 (location: C:\Users\PC\Desktop\Game\VuonNho\Library\PackageCache\com.unity.modules.accessibility)
    com.unity.modules.adaptiveperformance@1.0.0 (location: C:\Users\PC\Desktop\Game\VuonNho\Library\PackageCache\com.unity.modules.adaptiveperformance)
    com.unity.modules.ai@1.0.0 (location: C:\Users\PC\Desktop\Game\VuonNho\Library\PackageCache\com.unity.modules.ai)
    com.unity.modules.androidjni@1.0.0 (location: C:\Users\PC\Desktop\Game\VuonNho\Library\PackageCache\com.unity.modules.androidjni)
    com.unity.modules.animation@1.0.0 (location: C:\Users\PC\Desktop\Game\VuonNho\Library\PackageCache\com.unity.modules.animation)
    com.unity.modules.assetbundle@1.0.0 (location: C:\Users\PC\Desktop\Game\VuonNho\Library\PackageCache\com.unity.modules.assetbundle)
    com.unity.modules.audio@1.0.0 (location: C:\Users\PC\Desktop\Game\VuonNho\Library\PackageCache\com.unity.modules.audio)
    com.unity.modules.cloth@1.0.0 (location: C:\Users\PC\Desktop\Game\VuonNho\Library\PackageCache\com.unity.modules.cloth)
    com.unity.modules.director@1.0.0 (location: C:\Users\PC\Desktop\Game\VuonNho\Library\PackageCache\com.unity.modules.director)
    com.unity.modules.imageconversion@1.0.0 (location: C:\Users\PC\Desktop\Game\VuonNho\Library\PackageCache\com.unity.modules.imageconversion)
    com.unity.modules.imgui@1.0.0 (location: C:\Users\PC\Desktop\Game\VuonNho\Library\PackageCache\com.unity.modules.imgui)
    com.unity.modules.jsonserialize@1.0.0 (location: C:\Users\PC\Desktop\Game\VuonNho\Library\PackageCache\com.unity.modules.jsonserialize)
    com.unity.modules.particlesystem@1.0.0 (location: C:\Users\PC\Desktop\Game\VuonNho\Library\PackageCache\com.unity.modules.particlesystem)
    com.unity.modules.physics@1.0.0 (location: C:\Users\PC\Desktop\Game\VuonNho\Library\PackageCache\com.unity.modules.physics)
    com.unity.modules.physics2d@1.0.0 (location: C:\Users\PC\Desktop\Game\VuonNho\Library\PackageCache\com.unity.modules.physics2d)
    com.unity.modules.physicscore2d@1.0.0 (location: C:\Users\PC\Desktop\Game\VuonNho\Library\PackageCache\com.unity.modules.physicscore2d)
    com.unity.modules.screencapture@1.0.0 (location: C:\Users\PC\Desktop\Game\VuonNho\Library\PackageCache\com.unity.modules.screencapture)
    com.unity.modules.terrain@1.0.0 (location: C:\Users\PC\Desktop\Game\VuonNho\Library\PackageCache\com.unity.modules.terrain)
    com.unity.modules.terrainphysics@1.0.0 (location: C:\Users\PC\Desktop\Game\VuonNho\Library\PackageCache\com.unity.modules.terrainphysics)
    com.unity.modules.tetgen@1.0.0 (location: C:\Users\PC\Desktop\Game\VuonNho\Library\PackageCache\com.unity.modules.tetgen)
    com.unity.modules.tilemap@1.0.0 (location: C:\Users\PC\Desktop\Game\VuonNho\Library\PackageCache\com.unity.modules.tilemap)
    com.unity.modules.timelinefoundation@1.0.0 (location: C:\Users\PC\Desktop\Game\VuonNho\Library\PackageCache\com.unity.modules.timelinefoundation)
    com.unity.modules.ui@1.0.0 (location: C:\Users\PC\Desktop\Game\VuonNho\Library\PackageCache\com.unity.modules.ui)
    com.unity.modules.uielements@1.0.0 (location: C:\Users\PC\Desktop\Game\VuonNho\Library\PackageCache\com.unity.modules.uielements)
    com.unity.modules.umbra@1.0.0 (location: C:\Users\PC\Desktop\Game\VuonNho\Library\PackageCache\com.unity.modules.umbra)
    com.unity.modules.unityanalytics@1.0.0 (location: C:\Users\PC\Desktop\Game\VuonNho\Library\PackageCache\com.unity.modules.unityanalytics)
    com.unity.modules.unitywebrequest@1.0.0 (location: C:\Users\PC\Desktop\Game\VuonNho\Library\PackageCache\com.unity.modules.unitywebrequest)
    com.unity.modules.unitywebrequestassetbundle@1.0.0 (location: C:\Users\PC\Desktop\Game\VuonNho\Library\PackageCache\com.unity.modules.unitywebrequestassetbundle)
    com.unity.modules.unitywebrequestaudio@1.0.0 (location: C:\Users\PC\Desktop\Game\VuonNho\Library\PackageCache\com.unity.modules.unitywebrequestaudio)
    com.unity.modules.unitywebrequesttexture@1.0.0 (location: C:\Users\PC\Desktop\Game\VuonNho\Library\PackageCache\com.unity.modules.unitywebrequesttexture)
    com.unity.modules.unitywebrequestwww@1.0.0 (location: C:\Users\PC\Desktop\Game\VuonNho\Library\PackageCache\com.unity.modules.unitywebrequestwww)
    com.unity.modules.vectorgraphics@1.0.0 (location: C:\Users\PC\Desktop\Game\VuonNho\Library\PackageCache\com.unity.modules.vectorgraphics)
    com.unity.modules.vehicles@1.0.0 (location: C:\Users\PC\Desktop\Game\VuonNho\Library\PackageCache\com.unity.modules.vehicles)
    com.unity.modules.video@1.0.0 (location: C:\Users\PC\Desktop\Game\VuonNho\Library\PackageCache\com.unity.modules.video)
    com.unity.modules.wind@1.0.0 (location: C:\Users\PC\Desktop\Game\VuonNho\Library\PackageCache\com.unity.modules.wind)
    com.unity.modules.xr@1.0.0 (location: C:\Users\PC\Desktop\Game\VuonNho\Library\PackageCache\com.unity.modules.xr)
    com.unity.render-pipelines.universal@17.6.0 (location: C:\Users\PC\Desktop\Game\VuonNho\Library\PackageCache\com.unity.render-pipelines.universal@8457e85b8184)
    com.unity.test-framework@1.8.0 (location: C:\Users\PC\Desktop\Game\VuonNho\Library\PackageCache\com.unity.test-framework@7a3849e09bd0)
    com.unity.ugui@2.6.0 (location: C:\Users\PC\Desktop\Game\VuonNho\Library\PackageCache\com.unity.ugui@23caec89ae27)
    com.unity.ext.nunit@2.1.0 (location: C:\Users\PC\Desktop\Game\VuonNho\Library\PackageCache\com.unity.ext.nunit@0198eae3b53e)
    com.unity.render-pipelines.core@17.6.0 (location: C:\Users\PC\Desktop\Game\VuonNho\Library\PackageCache\com.unity.render-pipelines.core@2d66c71e606e)
    com.unity.shadergraph@17.6.0 (location: C:\Users\PC\Desktop\Game\VuonNho\Library\PackageCache\com.unity.shadergraph@ef6135652377)
    com.unity.render-pipelines.universal-config@17.6.0 (location: C:\Users\PC\Desktop\Game\VuonNho\Library\PackageCache\com.unity.render-pipelines.universal-config@561422b74439)
    com.unity.modules.subsystems@1.0.0 (location: C:\Users\PC\Desktop\Game\VuonNho\Library\PackageCache\com.unity.modules.subsystems)
    com.unity.modules.hierarchycore@1.0.0 (location: C:\Users\PC\Desktop\Game\VuonNho\Library\PackageCache\com.unity.modules.hierarchycore)
    com.unity.graph-authoring@1.0.0 (location: C:\Users\PC\Desktop\Game\VuonNho\Library\PackageCache\com.unity.graph-authoring@cfd2588851ee)
    com.unity.burst@2.0.0 (location: C:\Users\PC\Desktop\Game\VuonNho\Library\PackageCache\com.unity.burst@626e66ab421b)
    com.unity.collections@6.6.0 (location: C:\Users\PC\Desktop\Game\VuonNho\Library\PackageCache\com.unity.collections@10fff0607388)
    com.unity.test-framework.performance@6.6.0 (location: C:\Users\PC\Desktop\Game\VuonNho\Library\PackageCache\com.unity.test-framework.performance@0a60b857a52e)
[Subsystems] No new subsystems found in resolved package list.
[Package Manager] Done registering packages in 0.02 seconds
[ScriptCompilation] Requested script compilation because: AssetDatabase observed changes in script compilation related files
Starting: C:\Program Files\Unity\Hub\Editor\6000.6.0f1\Editor\Data\Tools\BuildPipeline\bee_backend.exe --ipc --defer-dag-verification --dagfile="Library/Bee/1900b0aE.dag" --continue-on-failure --profile="Library/Bee/backend1.traceevents" ScriptAssemblies
WorkingDir: C:/Users/PC/Desktop/Game/VuonNho
DisplayProgressbar: Compiling Scripts
ExitCode: 0 Duration: 1s477ms
[585/750    0s] ILPP-Configuration Library/ilpp-configuration.nevergeneratedoutput
[730/750    0s] Csc Library/Bee/artifacts/1900b0aE.dag/VuonNho.Views.dll (+2 others)
[731/750    0s] Csc Library/Bee/artifacts/1900b0aE.dag/VuonNho.ArtQa.dll (+2 others)
[732/750    0s] Csc Library/Bee/artifacts/1900b0aE.dag/VuonNho.Tests.ArtViews.dll (+2 others)
[733/750    0s] ILPostProcess Library/Bee/artifacts/1900b0aE.dag/post-processed/VuonNho.Views.dll (+pdb)
Processing assembly Library/Bee/artifacts/1900b0aE.dag/VuonNho.Views.dll, with 148 defines and 296 references

processors: Unity.Jobs.CodeGen.JobsILPostProcessor, zzzUnity.Burst.CodeGen.BurstILPostProcessor

1 processor(s) skipped this assembly

running Unity.Jobs.CodeGen.JobsILPostProcessor
[734/750    0s] CopyFiles Library/ScriptAssemblies/VuonNho.Views.pdb
[735/750    0s] CopyFiles Library/ScriptAssemblies/VuonNho.Views.dll
[736/750    0s] ILPostProcess Library/Bee/artifacts/1900b0aE.dag/post-processed/VuonNho.ArtQa.dll (+pdb)
Processing assembly Library/Bee/artifacts/1900b0aE.dag/VuonNho.ArtQa.dll, with 148 defines and 296 references

processors: Unity.Jobs.CodeGen.JobsILPostProcessor, zzzUnity.Burst.CodeGen.BurstILPostProcessor

1 processor(s) skipped this assembly

running Unity.Jobs.CodeGen.JobsILPostProcessor
[737/750    0s] CopyFiles Library/ScriptAssemblies/VuonNho.ArtQa.dll
[738/750    0s] CopyFiles Library/ScriptAssemblies/VuonNho.ArtQa.pdb
[739/750    0s] ILPostProcess Library/Bee/artifacts/1900b0aE.dag/post-processed/VuonNho.Tests.ArtViews.dll (+pdb)
Processing assembly Library/Bee/artifacts/1900b0aE.dag/VuonNho.Tests.ArtViews.dll, with 146 defines and 302 references

processors: Unity.Jobs.CodeGen.JobsILPostProcessor, zzzUnity.Burst.CodeGen.BurstILPostProcessor

1 processor(s) skipped this assembly

running Unity.Jobs.CodeGen.JobsILPostProcessor
[740/750    0s] CopyFiles Library/ScriptAssemblies/VuonNho.Tests.ArtViews.dll
[741/750    0s] CopyFiles Library/ScriptAssemblies/VuonNho.Tests.ArtViews.pdb
[742/750    0s] Csc Library/Bee/artifacts/1900b0aE.dag/VuonNho.Editor.dll (+2 others)
Assets\Editor\SceneCapture.cs(32,60): warning CS0618: 'FindObjectsSortMode' is obsolete: 'FindObjectsSortMode has been deprecated. Use the FindObjectsByType overloads that do not take a FindObjectsSortMode parameter.'

Assets\Editor\SceneCapture.cs(32,25): warning CS0618: 'Object.FindObjectsByType<T>(FindObjectsSortMode)' is obsolete: 'FindObjectsByType with FindObjectsSortMode parameter has been deprecated. Use FindObjectsByType<T>() or FindObjectsByType<T>(FindObjectsInactive) instead. InstanceID will be replaced in the future with EntityId and previous sort order cannot be maintained.'
[743/750    0s] ILPostProcess Library/Bee/artifacts/1900b0aE.dag/post-processed/VuonNho.Editor.dll (+pdb)
Processing assembly Library/Bee/artifacts/1900b0aE.dag/VuonNho.Editor.dll, with 146 defines and 308 references

processors: Unity.Jobs.CodeGen.JobsILPostProcessor, zzzUnity.Burst.CodeGen.BurstILPostProcessor

1 processor(s) skipped this assembly

running Unity.Jobs.CodeGen.JobsILPostProcessor
[744/750    0s] CopyFiles Library/ScriptAssemblies/VuonNho.Editor.pdb
[745/750    0s] CopyFiles Library/ScriptAssemblies/VuonNho.Editor.dll
[746/750    0s] Csc Library/Bee/artifacts/1900b0aE.dag/VuonNho.Tests.ArtEditor.dll (+2 others)
[747/750    0s] ILPostProcess Library/Bee/artifacts/1900b0aE.dag/post-processed/VuonNho.Tests.ArtEditor.dll (+pdb)
Processing assembly Library/Bee/artifacts/1900b0aE.dag/VuonNho.Tests.ArtEditor.dll, with 146 defines and 303 references

processors: Unity.Jobs.CodeGen.JobsILPostProcessor, zzzUnity.Burst.CodeGen.BurstILPostProcessor

1 processor(s) skipped this assembly

running Unity.Jobs.CodeGen.JobsILPostProcessor
[748/750    0s] CopyFiles Library/ScriptAssemblies/VuonNho.Tests.ArtEditor.dll
[749/750    0s] CopyFiles Library/ScriptAssemblies/VuonNho.Tests.ArtEditor.pdb
*** Tundra build success (1.45 seconds), 21 items updated, 750 evaluated
Assets\Editor\SceneCapture.cs(32,60): warning CS0618: 'FindObjectsSortMode' is obsolete: 'FindObjectsSortMode has been deprecated. Use the FindObjectsByType overloads that do not take a FindObjectsSortMode parameter.'
Assets\Editor\SceneCapture.cs(32,25): warning CS0618: 'Object.FindObjectsByType<T>(FindObjectsSortMode)' is obsolete: 'FindObjectsByType with FindObjectsSortMode parameter has been deprecated. Use FindObjectsByType<T>() or FindObjectsByType<T>(FindObjectsInactive) instead. InstanceID will be replaced in the future with EntityId and previous sort order cannot be maintained.'
AssetDatabase: script compilation time: 1.919675s
Total cache size 59756436
Total cache size after purge 59756436, took 00:00:00.1007742
Begin MonoManager ReloadAssembly
'Packages/com.unity.render-pipelines.core/Editor/Deprecated.cs' contains partial class of Unity.Object, exactly 1 of the partial classes needs to be in a file with the same filename. This is to know the one that can be referenced from ie. GameObjects
'Packages/com.unity.render-pipelines.core/Editor/Deprecated.cs' contains partial class of Unity.Object, exactly 1 of the partial classes needs to be in a file with the same filename. This is to know the one that can be referenced from ie. GameObjects
Native extension for WindowsStandalone target not found
Native extension for WebGL target not found
ScheduleIndexationOnStartup MainProcess:True IndexOnStartup:True
Scripting: successfully reloaded assembly
- Finished resetting the current domain, in  0.947 seconds
Domain Reload Profiling: 1775ms
	BeginReloadAssembly (244ms)
		DisableScriptedObjects (24ms)
		CreateAndSetChildDomain (46ms)
	RebuildCommonClasses (9ms)
	RebuildNativeTypeToScriptingClass (15ms)
	initialDomainReloadingComplete (48ms)
	LoadAllAssembliesAndSetupDomain (510ms)
		LoadAssemblies (325ms)
		TypeCache.Refresh (90ms)
			TypeCache.ScanAssembly (79ms)
		AnalyzeDomain (62ms)
			BuildScriptInfoCaches (51ms)
			ResolveRequiredComponents (9ms)
	FinalizeReload (948ms)
		SetupLoadedEditorAssemblies (0ms)
			InitializePlatformSupportModulesInManaged (3ms)
			BeforeProcessingInitializeOnLoad (113ms)
			ProcessInitializeOnLoadAttributes (144ms)
			ProcessInitializeOnLoadMethodAttributes (289ms)
			AfterProcessingInitializeOnLoad (9ms)
		AwakeInstancesAfterBackupRestoration (43ms)
Starting new worker id: 0 with log in C:/Users/PC/Desktop/Game/VuonNho/Logs/AssetImportWorkerHW0.log
Importing 'GUID: 438988bcc198477309965241b4c5f26c - Path: Assets/Art/Models/SM_Lantern.fbx' with importer (FBXImporter)
Imported 'GUID: 438988bcc198477309965241b4c5f26c' -> (Import Result ID: 'd7838d713f4084fa9015ae7854a5593e') in 0.062 seconds [static dependencies only]. Details - ImportResultOutputID=0d47353da05d91c96c8c17c2e28f24a9 DependenciesID=c877d75fecb0d7d62c4eab6bd770d155 StaticDependenciesID=1d4054027cf9680e95afed974a4c003a 
Importing 'GUID: 2923ac59bf3c2e3bc0100097f22528ce - Path: Assets/Art/Models/SM_StonePath.fbx' with importer (FBXImporter)
Imported 'GUID: 2923ac59bf3c2e3bc0100097f22528ce' -> (Import Result ID: '46a6bb381de4db01c050711f5b3a0ee3') in 0.024 seconds [static dependencies only]. Details - ImportResultOutputID=6a149fc2e8a3a0d07c47ab433343634f DependenciesID=f77cdfb26185fa3cfc87ce3de9dbf1d8 StaticDependenciesID=df26b01ad3eee8f104e4368b411199ab 
Importing 'GUID: 5e1fdcbc1d2de53678add9dc234286e3 - Path: Assets/Art/Models/SM_Planter.fbx' with importer (FBXImporter)
Imported 'GUID: 5e1fdcbc1d2de53678add9dc234286e3' -> (Import Result ID: '56b505910e9fdd40beae309374cda9d1') in 0.022 seconds [static dependencies only]. Details - ImportResultOutputID=1745f341f3eea220b0e3c9c3f1d172bf DependenciesID=95a789d3a606eabad13660817a909846 StaticDependenciesID=aaf07888e6a334d01a5adbf6a11a4daf 
Importing 'GUID: ee18eecada92b807989e11f8cfa8daa3 - Path: Assets/Art/Models/SM_Bench.fbx' with importer (FBXImporter)
Imported 'GUID: ee18eecada92b807989e11f8cfa8daa3' -> (Import Result ID: 'd8c163aaf8cd6a64d48d800bb2e63da8') in 0.020 seconds [static dependencies only]. Details - ImportResultOutputID=3e86952625278985940ba08bc303b213 DependenciesID=4d299144f6d7092411cac486f405abbc StaticDependenciesID=baa461d8a9d41fb2a426eb586b4ec7c4 
Importing 'GUID: 1fdee48fd9e323e7748eedd7fa204c66 - Path: Assets/Art/Models/SM_Signboard.fbx' with importer (FBXImporter)
Imported 'GUID: 1fdee48fd9e323e7748eedd7fa204c66' -> (Import Result ID: '6a3d5b6dec53bd555aca39c7c003386f') in 0.020 seconds [static dependencies only]. Details - ImportResultOutputID=4a2785a040feb00b8338252bec6e7012 DependenciesID=554f84737327015bd0eda935a3d16086 StaticDependenciesID=e688bc7f83a6f4905d1a5655d07f28d8 
Importing 'GUID: 0c5964252021bb04380f66ce48854885 - Path: Assets/Settings/GardenSkin.asset' with importer (NativeFormatImporter)
Imported 'GUID: 0c5964252021bb04380f66ce48854885' -> (Import Result ID: '7a3d825f10f28e6411357891eb8052e1') in 0.037 seconds [static dependencies only]. Details - ImportResultOutputID=86b67c10510e3b4df8aeca155350f2c8 DependenciesID=44c68dee45ee8db96463e132b0cd45f1 StaticDependenciesID=79825bf6ce90f9071705b09a7fe8125f 

Asset Pipeline Refresh (id=3b647c0317a85134c9f061f80cd0a6c7): Total: 4.468 seconds - Initiated by InitialRefreshV2(ForceSynchronousImport)
	(Values over 0.05ms)
	Summary:
		Imports: total=6 (actual=6, local cache=0, cache server=0)
		Asset DB Process Time: managed=10 ms, native=1407 ms
		Asset DB Callback time: managed=188 ms, native=22 ms
		Scripting: domain reloads=1, domain reload time=878 ms, compile time=1922 ms, other=38 ms
		Project Asset Count: scripts=843, non-scripts=1533
		Asset File Changes: new=0, changed=8, moved=0, deleted=0
		Scan Filter Count: 0
	InvokePackagesCallback: 18.280ms
	ApplyChangesToAssetFolders: 0.515ms
	Scan: 56.376ms
	Collect global state as custom dependencies: 23.264ms
	OnSourceAssetsModified: 0.999ms
	CategorizeScriptCompilationAssets: 14.980ms
	ProcessAssetsWithTransientArtifactChanges: 50.292ms
	CategorizeAssets: 37.632ms
	CompileScripts: 1921.695ms
	ImportOutOfDateAssets: 1143.394ms (950.606ms without children)
		ImportManagerImport: 188.549ms (2.456ms without children)
			UpdateCategorizedAssets: 0.092ms
		UnloadImportedAssets: 0.598ms
		EnsureUptoDateAssetsAreRegisteredWithGuidPM: 0.365ms
		ImportSchedulerStart: 3.231ms
	PostProcessAllAssets: 190.154ms
		VCAutoAddAssetPostprocess 1.164ms
		PostProcessCallbackCreateDeferredMaterials 0.146ms
		MonoPostProcessAllAssets: 186.099ms
			AssetPostprocessor.OnPostprocessAllAssets 79.331ms
			UniversalRenderPipelineGlobalSettingsPostprocessor.OnPostprocessAllAssets 26.092ms
			SyncVS.PostprocessSyncProject 20.178ms
			StyleCatalogPostProcessor.OnPostprocessAllAssets 14.233ms
			BuilderAssetPostprocessor.OnPostprocessAllAssets 9.123ms
			AssetChangedListener.OnPostprocessAllAssets 3.090ms
			WindowAssetPostprocessingWatcher.OnPostprocessAllAssets 2.615ms
			SpeedTree9Postprocessor.OnPostprocessAllAssets 2.326ms
			ShaderGraphAssetPostProcessor.OnPostprocessAllAssets 2.130ms
			RetainedModeAssetPostprocessor.OnPostprocessAllAssets 1.984ms
			EditModeScopePostprocessor.OnPostprocessAllAssets 1.574ms
			MaterialPostprocessor.OnPostprocessAllAssets 0.958ms
			ArtifactBrowserPostProcessor.OnPostprocessAllAssets 0.879ms
			ShaderReflectionAssetPostProcessor.OnPostprocessAllAssets 0.828ms
			RenderPipelineGlobalSettingsPostprocessor.OnPostprocessAllAssets 0.826ms
			ReferencedClipsPostProcessor.OnPostprocessAllAssets 0.662ms
			AssetEvents.OnPostprocessAllAssets 0.480ms
			PostProcessor.OnPostprocessAllAssets 0.476ms
			TextAssetPostProcessor.OnPostprocessAllAssets 0.466ms
			TMPro_TexturePostProcessor.OnPostprocessAllAssets 0.439ms
			AudioMixerPostprocessor.OnPostprocessAllAssets 0.335ms
			AssetDatabaseCallbacks.OnPostprocessAllAssets 0.282ms
			ScenarioDriftAssetsTracker.OnPostprocessAllAssets 0.263ms
			ConfigAssetsTracker.OnPostprocessAllAssets 0.230ms
			TerrainToolbarOverlayPostProcessor.OnPostprocessAllAssets 0.209ms
			SpeedTreePostProcessor.OnPostprocessAllAssets 0.190ms
			ThemePostprocessor.OnPostprocessAllAssets 0.149ms
			AudioContainerPostProcessor.OnPostprocessAllAssets 0.122ms
	PostAssetChangesProfiler: 3.028ms
	UnloadStreamsBegin: 1.851ms
	PersistCurrentRevisions: 0.239ms
	GenerateScriptTypeHashes: 1.074ms
	GenerateScriptTypeSerializationHashes: 1.994ms
	Untracked: 999.466ms

Application.AssetDatabase Initial Refresh End
Launched and connected shader compiler UnityShaderCompiler.exe after 0.02 seconds
Scanning for USB devices : 1.810ms
Initializing Unity extensions:
[MODES] ModeService[none].Initialize
[MODES] ModeService[none].LoadModes
[MODES] Loading mode Default (0) for mode-current-id-Vuon va Tra
Unloading 32 Unused Serialized files (Serialized files now loaded: 0)
Unloading 3284 unused Assets / (6.5 MB). Loaded Objects now: 4294.
Memory consumption went from 327.4 MB to 320.9 MB.
Total: 7.953800 ms (FindLiveObjects: 0.466700 ms CreateObjectMapping: 0.174700 ms MarkObjects: 5.927400 ms  DeleteObjects: 1.168900 ms)

Asset Pipeline Refresh (id=cad8b406e5f414f4caf8de15db9f1910): Total: 0.057 seconds - Initiated by RefreshV2(NoUpdateAssetOptions)
Curl error 35: Recv failure: Connection was reset
Importing 'GUID: 0ea8895b08a72474db9a15e6c40ba7b4 - Path: Assets/Art/Models/SM_CalibrationCube.fbx' with importer (FBXImporter)
Imported 'GUID: 0ea8895b08a72474db9a15e6c40ba7b4' -> (Import Result ID: 'e2c7a522a90fb6d78872b99ba92e31b7') in 0.018 seconds [static dependencies only]. Details - ImportResultOutputID=e73ecae1aafb1fb54bd2a5121606b206 DependenciesID=de794d04cb77bf33127742b427c38ee9 StaticDependenciesID=aaa4e8d48a3d78df755999501b56852f 
Asset Pipeline Refresh (id=daaeb78a02a029a4c9f9afd019c80f6a): Total: 0.033 seconds - Initiated by StopAssetImportingV2(NoUpdateAssetOptions)
Importing 'GUID: 0ea8895b08a72474db9a15e6c40ba7b4 - Path: Assets/Art/Models/SM_CalibrationCube.fbx' with importer (FBXImporter)
Imported 'GUID: 0ea8895b08a72474db9a15e6c40ba7b4' -> (Import Result ID: 'e2c7a522a90fb6d78872b99ba92e31b7') in 0.015 seconds [static dependencies only]. Details - ImportResultOutputID=e73ecae1aafb1fb54bd2a5121606b206 DependenciesID=de794d04cb77bf33127742b427c38ee9 StaticDependenciesID=aaa4e8d48a3d78df755999501b56852f 
Asset Pipeline Refresh (id=0eae6c8a831e466408d8804b7da6450f): Total: 0.027 seconds - Initiated by StopAssetImportingV2(NoUpdateAssetOptions)
Importing 'GUID: ac7cfec0b22797148a2aa89b3fccd609 - Path: Assets/Art/Models/SM_Plot.fbx' with importer (FBXImporter)
Imported 'GUID: ac7cfec0b22797148a2aa89b3fccd609' -> (Import Result ID: '5213ba32f3cf4f1bdddfd021f9da115f') in 0.014 seconds [static dependencies only]. Details - ImportResultOutputID=0257c81dc512077612dbe3e062696953 DependenciesID=97b507dc408042298c414ca86aee2d68 StaticDependenciesID=55c89a22d018b894177c867c197ec319 
Asset Pipeline Refresh (id=8a887fe2bef368d4384ff268d163414e): Total: 0.025 seconds - Initiated by StopAssetImportingV2(NoUpdateAssetOptions)
Importing 'GUID: ac7cfec0b22797148a2aa89b3fccd609 - Path: Assets/Art/Models/SM_Plot.fbx' with importer (FBXImporter)
Imported 'GUID: ac7cfec0b22797148a2aa89b3fccd609' -> (Import Result ID: '5213ba32f3cf4f1bdddfd021f9da115f') in 0.015 seconds [static dependencies only]. Details - ImportResultOutputID=0257c81dc512077612dbe3e062696953 DependenciesID=97b507dc408042298c414ca86aee2d68 StaticDependenciesID=55c89a22d018b894177c867c197ec319 
Asset Pipeline Refresh (id=cded464531357c04d928f5a2bcc42560): Total: 0.027 seconds - Initiated by StopAssetImportingV2(NoUpdateAssetOptions)
Importing 'GUID: b128bfc665755a945b870dd18e05e301 - Path: Assets/Art/Models/SM_Seedling.fbx' with importer (FBXImporter)
Imported 'GUID: b128bfc665755a945b870dd18e05e301' -> (Import Result ID: 'beb80f6ae3e8c98da8072cbb48f1e0d5') in 0.015 seconds [static dependencies only]. Details - ImportResultOutputID=93b9d8dd0e9b03eff5271038a95edb7d DependenciesID=afcafc9559097213c4736747b1a8772c StaticDependenciesID=1714b0ef2b6a3c7b83f000b37215edb1 
Asset Pipeline Refresh (id=cca1a05a30f6f0141a911944cc015a16): Total: 0.027 seconds - Initiated by StopAssetImportingV2(NoUpdateAssetOptions)
Importing 'GUID: b128bfc665755a945b870dd18e05e301 - Path: Assets/Art/Models/SM_Seedling.fbx' with importer (FBXImporter)
Imported 'GUID: b128bfc665755a945b870dd18e05e301' -> (Import Result ID: 'beb80f6ae3e8c98da8072cbb48f1e0d5') in 0.014 seconds [static dependencies only]. Details - ImportResultOutputID=93b9d8dd0e9b03eff5271038a95edb7d DependenciesID=afcafc9559097213c4736747b1a8772c StaticDependenciesID=1714b0ef2b6a3c7b83f000b37215edb1 
Asset Pipeline Refresh (id=2c9164096efba8647a2ab20123f04566): Total: 0.025 seconds - Initiated by StopAssetImportingV2(NoUpdateAssetOptions)
Importing 'GUID: 402474a4dceff4c42809058115c85af1 - Path: Assets/Art/Models/SM_Mint.fbx' with importer (FBXImporter)
Imported 'GUID: 402474a4dceff4c42809058115c85af1' -> (Import Result ID: '94c249ca710fcf8423db0256dce47e9c') in 0.015 seconds [static dependencies only]. Details - ImportResultOutputID=5777e6f25c3e677f7b0f4e801e5d2913 DependenciesID=c8302ec63fbb7cbdf5a62ec124d5dad7 StaticDependenciesID=443b79be277bc78baa1a5035351c7bf0 
Asset Pipeline Refresh (id=421d162b8cca4c542aacf627d7611385): Total: 0.025 seconds - Initiated by StopAssetImportingV2(NoUpdateAssetOptions)
Importing 'GUID: 402474a4dceff4c42809058115c85af1 - Path: Assets/Art/Models/SM_Mint.fbx' with importer (FBXImporter)
Imported 'GUID: 402474a4dceff4c42809058115c85af1' -> (Import Result ID: '94c249ca710fcf8423db0256dce47e9c') in 0.015 seconds [static dependencies only]. Details - ImportResultOutputID=5777e6f25c3e677f7b0f4e801e5d2913 DependenciesID=c8302ec63fbb7cbdf5a62ec124d5dad7 StaticDependenciesID=443b79be277bc78baa1a5035351c7bf0 
Asset Pipeline Refresh (id=f69fadaa124e05e4cba3678d6ca93a97): Total: 0.025 seconds - Initiated by StopAssetImportingV2(NoUpdateAssetOptions)
Importing 'GUID: 0533cae6e4e95444cabdca8ac4a7168d - Path: Assets/Art/Models/SM_Chamomile.fbx' with importer (FBXImporter)
Imported 'GUID: 0533cae6e4e95444cabdca8ac4a7168d' -> (Import Result ID: 'c063ad1a9b7bf5750eff15aebd419c53') in 0.016 seconds [static dependencies only]. Details - ImportResultOutputID=d3f3c74ba7782dadd269213d8c432bab DependenciesID=42b06dff13ef4df24d3c95cb6e42dc52 StaticDependenciesID=16af42a24909a037c3d996cb2650a0dc 
Asset Pipeline Refresh (id=12f25f2b26e6b484880e88c51156d781): Total: 0.026 seconds - Initiated by StopAssetImportingV2(NoUpdateAssetOptions)
Importing 'GUID: 0533cae6e4e95444cabdca8ac4a7168d - Path: Assets/Art/Models/SM_Chamomile.fbx' with importer (FBXImporter)
Imported 'GUID: 0533cae6e4e95444cabdca8ac4a7168d' -> (Import Result ID: 'c063ad1a9b7bf5750eff15aebd419c53') in 0.015 seconds [static dependencies only]. Details - ImportResultOutputID=d3f3c74ba7782dadd269213d8c432bab DependenciesID=42b06dff13ef4df24d3c95cb6e42dc52 StaticDependenciesID=16af42a24909a037c3d996cb2650a0dc 
Asset Pipeline Refresh (id=950e68d96d6bd244fb0ea99f891a3969): Total: 0.026 seconds - Initiated by StopAssetImportingV2(NoUpdateAssetOptions)
Importing 'GUID: ea4728734434be846af6d846c3a6b7dc - Path: Assets/Art/Models/SM_Strawberry.fbx' with importer (FBXImporter)
Imported 'GUID: ea4728734434be846af6d846c3a6b7dc' -> (Import Result ID: '7502ac8b1d1cc401065696ddb126ea8b') in 0.015 seconds [static dependencies only]. Details - ImportResultOutputID=28cf019e2d4783a16cd06b8d37c30252 DependenciesID=56398da8c7a4961d03e7cc5bff451e7d StaticDependenciesID=a0c580a798817618c4054cb9bfc0f11a 
Asset Pipeline Refresh (id=c2d93cbb094a9fc40ab327867004d831): Total: 0.028 seconds - Initiated by StopAssetImportingV2(NoUpdateAssetOptions)
Importing 'GUID: ea4728734434be846af6d846c3a6b7dc - Path: Assets/Art/Models/SM_Strawberry.fbx' with importer (FBXImporter)
Imported 'GUID: ea4728734434be846af6d846c3a6b7dc' -> (Import Result ID: '7502ac8b1d1cc401065696ddb126ea8b') in 0.015 seconds [static dependencies only]. Details - ImportResultOutputID=28cf019e2d4783a16cd06b8d37c30252 DependenciesID=56398da8c7a4961d03e7cc5bff451e7d StaticDependenciesID=a0c580a798817618c4054cb9bfc0f11a 
Asset Pipeline Refresh (id=dabd4a796d5070947a440df9cb2f0d84): Total: 0.026 seconds - Initiated by StopAssetImportingV2(NoUpdateAssetOptions)
Importing 'GUID: a3087ace32d68ed4f8a20144bb87f881 - Path: Assets/Art/Models/SM_Lemongrass.fbx' with importer (FBXImporter)
Imported 'GUID: a3087ace32d68ed4f8a20144bb87f881' -> (Import Result ID: 'b4c187af067d7d228e0e56c9429f6c95') in 0.017 seconds [static dependencies only]. Details - ImportResultOutputID=e1e3c0c9cc2afc32a784744ec9ea8ba0 DependenciesID=5fad4ac2ce67b18d4fa4adeeaec3c784 StaticDependenciesID=e657032eacc3eeec62f89df253bfc702 
Asset Pipeline Refresh (id=d870305effd82b0468175f0a09b1bf24): Total: 0.027 seconds - Initiated by StopAssetImportingV2(NoUpdateAssetOptions)
Importing 'GUID: a3087ace32d68ed4f8a20144bb87f881 - Path: Assets/Art/Models/SM_Lemongrass.fbx' with importer (FBXImporter)
Imported 'GUID: a3087ace32d68ed4f8a20144bb87f881' -> (Import Result ID: 'b4c187af067d7d228e0e56c9429f6c95') in 0.019 seconds [static dependencies only]. Details - ImportResultOutputID=e1e3c0c9cc2afc32a784744ec9ea8ba0 DependenciesID=5fad4ac2ce67b18d4fa4adeeaec3c784 StaticDependenciesID=e657032eacc3eeec62f89df253bfc702 
Asset Pipeline Refresh (id=6bbe423b2b2dd9248a059b058e086179): Total: 0.029 seconds - Initiated by StopAssetImportingV2(NoUpdateAssetOptions)
Importing 'GUID: 5daf121e1b3dd9a48b3bdd768c0a05f5 - Path: Assets/Art/Models/SM_Jasmine.fbx' with importer (FBXImporter)
Imported 'GUID: 5daf121e1b3dd9a48b3bdd768c0a05f5' -> (Import Result ID: '091eba6c266cfc3580da472e126fea60') in 0.018 seconds [static dependencies only]. Details - ImportResultOutputID=319f9bf0f57aa1ede1a084398238cbe4 DependenciesID=4f69663de446a4e2941805ebf9aa0285 StaticDependenciesID=21ff50ab9501f375d58baaccff132774 
Asset Pipeline Refresh (id=91e945f953b2f5b4999456df1533d6fc): Total: 0.028 seconds - Initiated by StopAssetImportingV2(NoUpdateAssetOptions)
Importing 'GUID: 5daf121e1b3dd9a48b3bdd768c0a05f5 - Path: Assets/Art/Models/SM_Jasmine.fbx' with importer (FBXImporter)
Imported 'GUID: 5daf121e1b3dd9a48b3bdd768c0a05f5' -> (Import Result ID: '091eba6c266cfc3580da472e126fea60') in 0.016 seconds [static dependencies only]. Details - ImportResultOutputID=319f9bf0f57aa1ede1a084398238cbe4 DependenciesID=4f69663de446a4e2941805ebf9aa0285 StaticDependenciesID=21ff50ab9501f375d58baaccff132774 
Asset Pipeline Refresh (id=e0858507138b95643b53abf8af5048fe): Total: 0.026 seconds - Initiated by StopAssetImportingV2(NoUpdateAssetOptions)
Importing 'GUID: ddf5e28c09478a845a37af8a03b6fc5a - Path: Assets/Art/Models/SM_Helper.fbx' with importer (FBXImporter)
Imported 'GUID: ddf5e28c09478a845a37af8a03b6fc5a' -> (Import Result ID: '5f5520835a0cfc2e382a802d2be8dbe3') in 0.016 seconds [static dependencies only]. Details - ImportResultOutputID=f7021b004eafada119d41ba4b95f0664 DependenciesID=a28c201fb3fbb8a204cb2d12f33d176a StaticDependenciesID=70043cb0f779a03d418b405492e972c9 
Asset Pipeline Refresh (id=efc02faade9f04d4582faa70258cb6d2): Total: 0.026 seconds - Initiated by StopAssetImportingV2(NoUpdateAssetOptions)
Importing 'GUID: ddf5e28c09478a845a37af8a03b6fc5a - Path: Assets/Art/Models/SM_Helper.fbx' with importer (FBXImporter)
Imported 'GUID: ddf5e28c09478a845a37af8a03b6fc5a' -> (Import Result ID: '5f5520835a0cfc2e382a802d2be8dbe3') in 0.017 seconds [static dependencies only]. Details - ImportResultOutputID=f7021b004eafada119d41ba4b95f0664 DependenciesID=a28c201fb3fbb8a204cb2d12f33d176a StaticDependenciesID=70043cb0f779a03d418b405492e972c9 
Asset Pipeline Refresh (id=e2e1d5d4829d5ab4097fbb7dbda62613): Total: 0.028 seconds - Initiated by StopAssetImportingV2(NoUpdateAssetOptions)
Importing 'GUID: 6643ccf180984664ea0c56d4feb26e4f - Path: Assets/Art/Models/SM_TeaStation.fbx' with importer (FBXImporter)
Imported 'GUID: 6643ccf180984664ea0c56d4feb26e4f' -> (Import Result ID: 'c1e0276a819b92250b01fcd3491f1b69') in 0.019 seconds [static dependencies only]. Details - ImportResultOutputID=69409976db7acf83a06fd7e710311f5f DependenciesID=ccd40b6dbd513a9993aaae42b9145b2c StaticDependenciesID=2e81b7b6e9ede34204656d3bb582cff2 
Asset Pipeline Refresh (id=0d6e5cf97e26cd8489e26b87f7246126): Total: 0.030 seconds - Initiated by StopAssetImportingV2(NoUpdateAssetOptions)
Importing 'GUID: 6643ccf180984664ea0c56d4feb26e4f - Path: Assets/Art/Models/SM_TeaStation.fbx' with importer (FBXImporter)
Imported 'GUID: 6643ccf180984664ea0c56d4feb26e4f' -> (Import Result ID: 'c1e0276a819b92250b01fcd3491f1b69') in 0.018 seconds [static dependencies only]. Details - ImportResultOutputID=69409976db7acf83a06fd7e710311f5f DependenciesID=ccd40b6dbd513a9993aaae42b9145b2c StaticDependenciesID=2e81b7b6e9ede34204656d3bb582cff2 
Asset Pipeline Refresh (id=94f44cfc28cd6d64fa6fd16f625bff1e): Total: 0.028 seconds - Initiated by StopAssetImportingV2(NoUpdateAssetOptions)
Importing 'GUID: 3f1d31d4299d72344b14a88f6f29f4b7 - Path: Assets/Art/Models/SM_BackgroundTree.fbx' with importer (FBXImporter)
Imported 'GUID: 3f1d31d4299d72344b14a88f6f29f4b7' -> (Import Result ID: 'a50d91b5d039e9b8bd12353f1671f30c') in 0.014 seconds [static dependencies only]. Details - ImportResultOutputID=735fb1d7c308d8e97e05e97292ced12f DependenciesID=0e485c14b1328b11ed4ba0828220fe81 StaticDependenciesID=33a785923784d9269068ad4abb63e57f 
Asset Pipeline Refresh (id=c1e42556146980a4a8f600d4439116de): Total: 0.024 seconds - Initiated by StopAssetImportingV2(NoUpdateAssetOptions)
Importing 'GUID: 3f1d31d4299d72344b14a88f6f29f4b7 - Path: Assets/Art/Models/SM_BackgroundTree.fbx' with importer (FBXImporter)
Imported 'GUID: 3f1d31d4299d72344b14a88f6f29f4b7' -> (Import Result ID: 'a50d91b5d039e9b8bd12353f1671f30c') in 0.015 seconds [static dependencies only]. Details - ImportResultOutputID=735fb1d7c308d8e97e05e97292ced12f DependenciesID=0e485c14b1328b11ed4ba0828220fe81 StaticDependenciesID=33a785923784d9269068ad4abb63e57f 
Asset Pipeline Refresh (id=709da567db3f9054a926d42d94159017): Total: 0.025 seconds - Initiated by StopAssetImportingV2(NoUpdateAssetOptions)
Importing 'GUID: c7d884da289887c4f9c0412cd90c0c30 - Path: Assets/Art/Models/SM_Bush.fbx' with importer (FBXImporter)
Imported 'GUID: c7d884da289887c4f9c0412cd90c0c30' -> (Import Result ID: '3e65b9c8cf7e9c8cced2bd506e5ba0e3') in 0.013 seconds [static dependencies only]. Details - ImportResultOutputID=27ddfa313ff94b98123efc433dfd51c3 DependenciesID=78634d98d232bc3ec3e8149b7348096c StaticDependenciesID=44f21c50f32b969f27385acee20e0bde 
Asset Pipeline Refresh (id=9b8179554b1c060499005068a08adf89): Total: 0.024 seconds - Initiated by StopAssetImportingV2(NoUpdateAssetOptions)
Importing 'GUID: c7d884da289887c4f9c0412cd90c0c30 - Path: Assets/Art/Models/SM_Bush.fbx' with importer (FBXImporter)
Imported 'GUID: c7d884da289887c4f9c0412cd90c0c30' -> (Import Result ID: '3e65b9c8cf7e9c8cced2bd506e5ba0e3') in 0.013 seconds [static dependencies only]. Details - ImportResultOutputID=27ddfa313ff94b98123efc433dfd51c3 DependenciesID=78634d98d232bc3ec3e8149b7348096c StaticDependenciesID=44f21c50f32b969f27385acee20e0bde 
Asset Pipeline Refresh (id=ca61ff4d679757a4093bde3151b0bc49): Total: 0.023 seconds - Initiated by StopAssetImportingV2(NoUpdateAssetOptions)
Importing 'GUID: 37bb475eb78c2b2408a55bed627e903b - Path: Assets/Art/Models/SM_Fence.fbx' with importer (FBXImporter)
Imported 'GUID: 37bb475eb78c2b2408a55bed627e903b' -> (Import Result ID: '701b124cdbcda9b304c1eafbb0ec891d') in 0.014 seconds [static dependencies only]. Details - ImportResultOutputID=cbfd42afd4a761264b06ea10c9b4932b DependenciesID=ee8a37eb4da975b20a533db4153407ba StaticDependenciesID=470abe91551f464de754511bb85a749e 
Asset Pipeline Refresh (id=cc10b7f015b3bf640a86a98afa0d541f): Total: 0.024 seconds - Initiated by StopAssetImportingV2(NoUpdateAssetOptions)
Importing 'GUID: 37bb475eb78c2b2408a55bed627e903b - Path: Assets/Art/Models/SM_Fence.fbx' with importer (FBXImporter)
Imported 'GUID: 37bb475eb78c2b2408a55bed627e903b' -> (Import Result ID: '701b124cdbcda9b304c1eafbb0ec891d') in 0.015 seconds [static dependencies only]. Details - ImportResultOutputID=cbfd42afd4a761264b06ea10c9b4932b DependenciesID=ee8a37eb4da975b20a533db4153407ba StaticDependenciesID=470abe91551f464de754511bb85a749e 
Asset Pipeline Refresh (id=3369cb0de068de3448a4aa6295233dd9): Total: 0.026 seconds - Initiated by StopAssetImportingV2(NoUpdateAssetOptions)
Importing 'GUID: 1309d8c315b5b0f439f5d07d55613be4 - Path: Assets/Art/Models/SM_Rock.fbx' with importer (FBXImporter)
Imported 'GUID: 1309d8c315b5b0f439f5d07d55613be4' -> (Import Result ID: 'b7bdd2292abd87f19403f04fd4de0010') in 0.014 seconds [static dependencies only]. Details - ImportResultOutputID=ca7bc634942fac7ca43e836af3d98453 DependenciesID=e1052291b6ac646d15c84bf9e08dba74 StaticDependenciesID=f061cbd352eaccf9aee973cfb87bb052 
Asset Pipeline Refresh (id=4011bb8e529bbc540a67dac825491dde): Total: 0.024 seconds - Initiated by StopAssetImportingV2(NoUpdateAssetOptions)
Importing 'GUID: 1309d8c315b5b0f439f5d07d55613be4 - Path: Assets/Art/Models/SM_Rock.fbx' with importer (FBXImporter)
Imported 'GUID: 1309d8c315b5b0f439f5d07d55613be4' -> (Import Result ID: 'b7bdd2292abd87f19403f04fd4de0010') in 0.014 seconds [static dependencies only]. Details - ImportResultOutputID=ca7bc634942fac7ca43e836af3d98453 DependenciesID=e1052291b6ac646d15c84bf9e08dba74 StaticDependenciesID=f061cbd352eaccf9aee973cfb87bb052 
Asset Pipeline Refresh (id=a104506335d89734cb1bc048a27ff25d): Total: 0.025 seconds - Initiated by StopAssetImportingV2(NoUpdateAssetOptions)
Importing 'GUID: 2923ac59bf3c2e3bc0100097f22528ce - Path: Assets/Art/Models/SM_StonePath.fbx' with importer (FBXImporter)
Imported 'GUID: 2923ac59bf3c2e3bc0100097f22528ce' -> (Import Result ID: '46a6bb381de4db01c050711f5b3a0ee3') in 0.014 seconds [static dependencies only]. Details - ImportResultOutputID=6a149fc2e8a3a0d07c47ab433343634f DependenciesID=f77cdfb26185fa3cfc87ce3de9dbf1d8 StaticDependenciesID=df26b01ad3eee8f104e4368b411199ab 
Asset Pipeline Refresh (id=a8ae092faba59814d982c1aef21828bb): Total: 0.024 seconds - Initiated by StopAssetImportingV2(NoUpdateAssetOptions)
Importing 'GUID: 2923ac59bf3c2e3bc0100097f22528ce - Path: Assets/Art/Models/SM_StonePath.fbx' with importer (FBXImporter)
Imported 'GUID: 2923ac59bf3c2e3bc0100097f22528ce' -> (Import Result ID: '46a6bb381de4db01c050711f5b3a0ee3') in 0.014 seconds [static dependencies only]. Details - ImportResultOutputID=6a149fc2e8a3a0d07c47ab433343634f DependenciesID=f77cdfb26185fa3cfc87ce3de9dbf1d8 StaticDependenciesID=df26b01ad3eee8f104e4368b411199ab 
Asset Pipeline Refresh (id=6339c3631de04a44a92f6ff1146f8b56): Total: 0.024 seconds - Initiated by StopAssetImportingV2(NoUpdateAssetOptions)
Importing 'GUID: 5e1fdcbc1d2de53678add9dc234286e3 - Path: Assets/Art/Models/SM_Planter.fbx' with importer (FBXImporter)
Imported 'GUID: 5e1fdcbc1d2de53678add9dc234286e3' -> (Import Result ID: '56b505910e9fdd40beae309374cda9d1') in 0.016 seconds [static dependencies only]. Details - ImportResultOutputID=1745f341f3eea220b0e3c9c3f1d172bf DependenciesID=95a789d3a606eabad13660817a909846 StaticDependenciesID=aaf07888e6a334d01a5adbf6a11a4daf 
Asset Pipeline Refresh (id=270983025420a1a41b863f0b52ff03b5): Total: 0.026 seconds - Initiated by StopAssetImportingV2(NoUpdateAssetOptions)
Importing 'GUID: 5e1fdcbc1d2de53678add9dc234286e3 - Path: Assets/Art/Models/SM_Planter.fbx' with importer (FBXImporter)
Imported 'GUID: 5e1fdcbc1d2de53678add9dc234286e3' -> (Import Result ID: '56b505910e9fdd40beae309374cda9d1') in 0.015 seconds [static dependencies only]. Details - ImportResultOutputID=1745f341f3eea220b0e3c9c3f1d172bf DependenciesID=95a789d3a606eabad13660817a909846 StaticDependenciesID=aaf07888e6a334d01a5adbf6a11a4daf 
Asset Pipeline Refresh (id=5f6a8757fd7e16b46acc4aff565cd9fb): Total: 0.025 seconds - Initiated by StopAssetImportingV2(NoUpdateAssetOptions)
Importing 'GUID: 438988bcc198477309965241b4c5f26c - Path: Assets/Art/Models/SM_Lantern.fbx' with importer (FBXImporter)
Imported 'GUID: 438988bcc198477309965241b4c5f26c' -> (Import Result ID: 'd7838d713f4084fa9015ae7854a5593e') in 0.014 seconds [static dependencies only]. Details - ImportResultOutputID=0d47353da05d91c96c8c17c2e28f24a9 DependenciesID=c877d75fecb0d7d62c4eab6bd770d155 StaticDependenciesID=1d4054027cf9680e95afed974a4c003a 
Asset Pipeline Refresh (id=20ca89d197ce0dd418cf444066ae48e3): Total: 0.024 seconds - Initiated by StopAssetImportingV2(NoUpdateAssetOptions)
Importing 'GUID: 438988bcc198477309965241b4c5f26c - Path: Assets/Art/Models/SM_Lantern.fbx' with importer (FBXImporter)
Imported 'GUID: 438988bcc198477309965241b4c5f26c' -> (Import Result ID: 'd7838d713f4084fa9015ae7854a5593e') in 0.016 seconds [static dependencies only]. Details - ImportResultOutputID=0d47353da05d91c96c8c17c2e28f24a9 DependenciesID=c877d75fecb0d7d62c4eab6bd770d155 StaticDependenciesID=1d4054027cf9680e95afed974a4c003a 
Asset Pipeline Refresh (id=bc30cc202c62ee04491295ee9a41bd5d): Total: 0.026 seconds - Initiated by StopAssetImportingV2(NoUpdateAssetOptions)
Importing 'GUID: ee18eecada92b807989e11f8cfa8daa3 - Path: Assets/Art/Models/SM_Bench.fbx' with importer (FBXImporter)
Imported 'GUID: ee18eecada92b807989e11f8cfa8daa3' -> (Import Result ID: 'd8c163aaf8cd6a64d48d800bb2e63da8') in 0.016 seconds [static dependencies only]. Details - ImportResultOutputID=3e86952625278985940ba08bc303b213 DependenciesID=4d299144f6d7092411cac486f405abbc StaticDependenciesID=baa461d8a9d41fb2a426eb586b4ec7c4 
Asset Pipeline Refresh (id=3855f9cf20008784b907562302c807b9): Total: 0.027 seconds - Initiated by StopAssetImportingV2(NoUpdateAssetOptions)
Importing 'GUID: ee18eecada92b807989e11f8cfa8daa3 - Path: Assets/Art/Models/SM_Bench.fbx' with importer (FBXImporter)
Imported 'GUID: ee18eecada92b807989e11f8cfa8daa3' -> (Import Result ID: 'd8c163aaf8cd6a64d48d800bb2e63da8') in 0.018 seconds [static dependencies only]. Details - ImportResultOutputID=3e86952625278985940ba08bc303b213 DependenciesID=4d299144f6d7092411cac486f405abbc StaticDependenciesID=baa461d8a9d41fb2a426eb586b4ec7c4 
Asset Pipeline Refresh (id=85e34aa6e9aea14458ee436eb01994c8): Total: 0.032 seconds - Initiated by StopAssetImportingV2(NoUpdateAssetOptions)
Importing 'GUID: 1fdee48fd9e323e7748eedd7fa204c66 - Path: Assets/Art/Models/SM_Signboard.fbx' with importer (FBXImporter)
Imported 'GUID: 1fdee48fd9e323e7748eedd7fa204c66' -> (Import Result ID: '6a3d5b6dec53bd555aca39c7c003386f') in 0.016 seconds [static dependencies only]. Details - ImportResultOutputID=4a2785a040feb00b8338252bec6e7012 DependenciesID=554f84737327015bd0eda935a3d16086 StaticDependenciesID=e688bc7f83a6f4905d1a5655d07f28d8 
Asset Pipeline Refresh (id=7dfbacf8fb1d0b34e963009189ee5d1b): Total: 0.026 seconds - Initiated by StopAssetImportingV2(NoUpdateAssetOptions)
Importing 'GUID: 1fdee48fd9e323e7748eedd7fa204c66 - Path: Assets/Art/Models/SM_Signboard.fbx' with importer (FBXImporter)
Imported 'GUID: 1fdee48fd9e323e7748eedd7fa204c66' -> (Import Result ID: '6a3d5b6dec53bd555aca39c7c003386f') in 0.015 seconds [static dependencies only]. Details - ImportResultOutputID=4a2785a040feb00b8338252bec6e7012 DependenciesID=554f84737327015bd0eda935a3d16086 StaticDependenciesID=e688bc7f83a6f4905d1a5655d07f28d8 
Asset Pipeline Refresh (id=3749403b0749bf24d942245317a9897c): Total: 0.026 seconds - Initiated by StopAssetImportingV2(NoUpdateAssetOptions)
Importing 'GUID: 5ec2eb70fd8968d4f96ea8bae3b9086a - Path: Assets/Art/Prefabs/PF_StonePath.prefab' with importer (PrefabImporter)
Imported 'GUID: 5ec2eb70fd8968d4f96ea8bae3b9086a' -> (Import Result ID: '2cf78fc5b39c42242ccff13102b4299e') in 0.005 seconds [static and dynamic dependencies]. Details - ImportResultOutputID=47d8041a55b02b16b329fec7e0d506fe DependenciesID=b11d8c5d5efd77f01c112014e8130ba2 StaticDependenciesID=40dea7e2256fa44582295e24bbc51f3e 
Asset Pipeline Refresh (id=b90cbc7d6d1c5854ab2ca0154d6a42d4): Total: 0.041 seconds - Initiated by StopAssetImportingV2(NoUpdateAssetOptions)
Worker ready: AssetImportWorkerHW0 0
Importing 'GUID: a84e376711cede04ca06b803e7b2ded6 - Path: Assets/Art/Prefabs/PF_Planter.prefab' with importer (PrefabImporter)
Imported 'GUID: a84e376711cede04ca06b803e7b2ded6' -> (Import Result ID: 'b6f62f7b8afbb5f26e37e96aa185eb86') in 0.003 seconds [static and dynamic dependencies]. Details - ImportResultOutputID=00938189755f2bbd89a8be718ea61ae1 DependenciesID=c9e0c86bee0a6ff62682cfdf1bf8271b StaticDependenciesID=4159a3bdc8daf31772f385ebd926b912 
Asset Pipeline Refresh (id=d43252c8eae84064eb78ca4260e90cb7): Total: 0.045 seconds - Initiated by StopAssetImportingV2(NoUpdateAssetOptions)
Importing 'GUID: cf7aaa03a23814d4b9753df80b2322dd - Path: Assets/Art/Prefabs/PF_Lantern.prefab' with importer (PrefabImporter)
Imported 'GUID: cf7aaa03a23814d4b9753df80b2322dd' -> (Import Result ID: '080f6c0204dd2ca34ec2753eed2bb6a4') in 0.003 seconds [static and dynamic dependencies]. Details - ImportResultOutputID=b755b74610d66fb88edc7c1582cea531 DependenciesID=448e55c4f342c5d2e2ada5fc29b91a60 StaticDependenciesID=2da3eba02f524bf0e9041b4973a8a30d 
Asset Pipeline Refresh (id=c63ee6a02c58dab42aec04440d6168a1): Total: 0.034 seconds - Initiated by StopAssetImportingV2(NoUpdateAssetOptions)
Importing 'GUID: a841c11b3e4fefc4caec13ad41885f2a - Path: Assets/Art/Prefabs/PF_Bench.prefab' with importer (PrefabImporter)
Imported 'GUID: a841c11b3e4fefc4caec13ad41885f2a' -> (Import Result ID: 'af48407072b3c4eb966a84ac8e91256b') in 0.003 seconds [static and dynamic dependencies]. Details - ImportResultOutputID=c31352ff6918b0d75864dbdaab5375bd DependenciesID=fa077acedc2a71ef4a83ddc9c9810641 StaticDependenciesID=a696d39cf147c7f5159dfa5e6dabb19a 
Asset Pipeline Refresh (id=4be998eb3a7ed404b88ad9ebca06292d): Total: 0.032 seconds - Initiated by StopAssetImportingV2(NoUpdateAssetOptions)
Importing 'GUID: bc41d528fb36d9e459c5ea514c8c9866 - Path: Assets/Art/Prefabs/PF_Signboard.prefab' with importer (PrefabImporter)
Imported 'GUID: bc41d528fb36d9e459c5ea514c8c9866' -> (Import Result ID: '5e3c19b1293afd388ff01c6cb7f16faf') in 0.003 seconds [static and dynamic dependencies]. Details - ImportResultOutputID=7ecfbaac1019665dd69720d5de9efd1b DependenciesID=60f0668e87d294cb261901ea1852251c StaticDependenciesID=a7eb69f8461b7249a7836a3bcd5ae78b 
Asset Pipeline Refresh (id=52990f4228d54404cbb80c23c3193a52): Total: 0.037 seconds - Initiated by StopAssetImportingV2(NoUpdateAssetOptions)
Importing 'GUID: 7ac12812b94628142871a3f1fbe0cc02 - Path: Assets/Audio/SFX_Click.wav' with importer (AudioImporter)
Imported 'GUID: 7ac12812b94628142871a3f1fbe0cc02' -> (Import Result ID: '811a262828040cb41703b68f57aa7cbf') in 0.046 seconds [static and dynamic dependencies]. Details - ImportResultOutputID=96d167cd9b57688fb2729a4b2bec06a3 DependenciesID=4fa9fccca60867b1ba5f0fcad7018a5e StaticDependenciesID=e905525bab8db78b3992cc1bee14a366 
Asset Pipeline Refresh (id=a37893e019ebf1d47ae3446cceb2cefd): Total: 0.059 seconds - Initiated by StopAssetImportingV2(NoUpdateAssetOptions)
Importing 'GUID: 1d95b701d19a30741aa19e000e546fe6 - Path: Assets/Audio/SFX_Plant.wav' with importer (AudioImporter)
Imported 'GUID: 1d95b701d19a30741aa19e000e546fe6' -> (Import Result ID: '8a2aea1ce7cf5ff4d580d523c7aaa4bf') in 0.032 seconds [static and dynamic dependencies]. Details - ImportResultOutputID=09a2791238829448af6dd7c87b8c7cf5 DependenciesID=df3f412bfc7b022f1bb6129b474c3b37 StaticDependenciesID=b9cb29c3fb7830c3cb450e96fafb75fd 
Asset Pipeline Refresh (id=fae4f416b24c3c047b5f7e5c4cfa10eb): Total: 0.042 seconds - Initiated by StopAssetImportingV2(NoUpdateAssetOptions)
Importing 'GUID: b4ac2cfe9f5a015469473d1d2a7b63f9 - Path: Assets/Audio/SFX_Harvest.wav' with importer (AudioImporter)
Imported 'GUID: b4ac2cfe9f5a015469473d1d2a7b63f9' -> (Import Result ID: '1bd946751cc99f3f3567a57a49771034') in 0.035 seconds [static and dynamic dependencies]. Details - ImportResultOutputID=cfb9de2db5aef166b6072e2d46f2987a DependenciesID=c00a75d6f77797dfc1f0db29a9b07864 StaticDependenciesID=5712386ea48f24b29913523d126a40c1 
Asset Pipeline Refresh (id=b268a8823a65812499fd01ab7fc55d4f): Total: 0.045 seconds - Initiated by StopAssetImportingV2(NoUpdateAssetOptions)
Importing 'GUID: 7042701b1f68efd449336b9aea901915 - Path: Assets/Audio/SFX_Brew.wav' with importer (AudioImporter)
Imported 'GUID: 7042701b1f68efd449336b9aea901915' -> (Import Result ID: '3bdbae5156428b668224914211b4482b') in 0.032 seconds [static and dynamic dependencies]. Details - ImportResultOutputID=b29f5ed613d2d8eea8abb84b600de1f8 DependenciesID=6b78adc9993ed4df58ef02a0259f650a StaticDependenciesID=876409a558e28fb515061267104f3cd3 
Asset Pipeline Refresh (id=6ea9f87b796cfb849b1da8413ea914c5): Total: 0.042 seconds - Initiated by StopAssetImportingV2(NoUpdateAssetOptions)
Importing 'GUID: 830a5a57113c5ee40813718741123ce6 - Path: Assets/Audio/SFX_Upgrade.wav' with importer (AudioImporter)
Imported 'GUID: 830a5a57113c5ee40813718741123ce6' -> (Import Result ID: 'f30d6d3bdbc4ab091371acf4d933947a') in 0.031 seconds [static and dynamic dependencies]. Details - ImportResultOutputID=96d62876d84cea73ff261c23cb676d58 DependenciesID=a0d13faecfeeeb0284998c86c397e232 StaticDependenciesID=3cf3f7cea5edadc6cbd8ef7da3840edb 
Asset Pipeline Refresh (id=6393dbaf2c2625f42bced49e8fae1eb1): Total: 0.041 seconds - Initiated by StopAssetImportingV2(NoUpdateAssetOptions)
Importing 'GUID: 0c5964252021bb04380f66ce48854885 - Path: Assets/Settings/GardenSkin.asset' with importer (NativeFormatImporter)
Imported 'GUID: 0c5964252021bb04380f66ce48854885' -> (Import Result ID: '711fa0ce99659642465dffefe8b7a494') in 0.001 seconds [static dependencies only]. Details - ImportResultOutputID=86b67c10510e3b4df8aeca155350f2c8 DependenciesID=ab6a0c8fad046e5dec4d25d3c999d0c4 StaticDependenciesID=6520b42a2baf3ca4e5e5572ee42c6c78 
Asset Pipeline Refresh (id=f3bb69a4ce6d5dc48b2026c87c505a89): Total: 0.028 seconds - Initiated by StopAssetImportingV2(NoUpdateAssetOptions)
Importing 'GUID: 00000000000000006100000000000000 - Path: ProjectSettings/GraphicsSettings.asset' with importer (LibraryAssetImporter)
Imported 'GUID: 00000000000000006100000000000000' -> (Import Result ID: '3669343a1f79175d508d323f4020b4cc') in 0.001 seconds [static dependencies only]. Details - ImportResultOutputID=a2dcdb8bc9503711bc0f2e2d72cfd36c DependenciesID=aef966ece81d340ab157226ec7f8c943 StaticDependenciesID=3b2eff0dea237d3f09fb52f035de00ce 
Asset Pipeline Refresh (id=91e77cb9813386c4ea190c20da5f3d65): Total: 0.014 seconds - Initiated by StopAssetImportingV2(NoUpdateAssetOptions)
Asset Pipeline Refresh (id=18895d0047079c04babb9ad8d251c997): Total: 0.008 seconds - Initiated by RefreshV2(NoUpdateAssetOptions)
[VuonNho] Da thiet lap project. Render pipeline: VuonNho-UniversalRenderPipeline
UnityEngine.Debug:ExtractStackTraceNoAlloc (byte*,int,string)
UnityEngine.StackTraceUtility:ExtractStackTrace ()
UnityEngine.DebugLogHandler:Internal_Log (UnityEngine.LogType,UnityEngine.LogOption,string,UnityEngine.Object)
UnityEngine.DebugLogHandler:LogFormat (UnityEngine.LogType,UnityEngine.Object,string,object[])
UnityEngine.Logger:Log (UnityEngine.LogType,object)
UnityEngine.Debug:Log (object)
VuonNho.EditorTools.ProjectSetup:Configure () (at Assets/Editor/ProjectSetup.cs:35)
VuonNho.EditorTools.SceneFactory:BuildScene () (at Assets/Editor/SceneFactory.cs:51)
VuonNho.EditorTools.GardenArtImporter:Run (bool) (at Assets/Editor/GardenArtImporter.cs:204)
VuonNho.EditorTools.GardenArtImporter:ImportAndBuild () (at Assets/Editor/GardenArtImporter.cs:121)

(Filename: Assets/Editor/ProjectSetup.cs Line: 35)

Unloading 0 Unused Serialized files (Serialized files now loaded: 0)
Unloading 578 unused Assets / (1.8 MB). Loaded Objects now: 4294.
Memory consumption went from 316.2 MB to 314.4 MB.
Total: 6.432900 ms (FindLiveObjects: 0.474800 ms CreateObjectMapping: 0.112000 ms MarkObjects: 5.112700 ms  DeleteObjects: 0.505300 ms)

Importing 'GUID: 89765f7592e66e64bb4828d445afda25 - Path: Assets/Settings/Materials/Mat_Cream.mat' with importer (NativeFormatImporter)
Imported 'GUID: 89765f7592e66e64bb4828d445afda25' -> (Import Result ID: '5da11988086077178d48df8a8cf4e615') in 0.001 seconds [static dependencies only]. Details - ImportResultOutputID=e654acd5aabc2d2915a4972a6af29754 DependenciesID=05ace97ca285ac7959f13ef611b97f1b StaticDependenciesID=edc8df7845162459b1712fe74af41575 
Asset Pipeline Refresh (id=77f329255e3f95e4c9a42daea1f31390): Total: 0.014 seconds - Initiated by StopAssetImportingV2(NoUpdateAssetOptions)
Importing 'GUID: 577d784e95004264cb161f021e384867 - Path: Assets/Scenes/Garden.unity' with importer (DefaultImporter)
Imported 'GUID: 577d784e95004264cb161f021e384867' -> (Import Result ID: '61b910b577861939db4c76aae67d3bc5') in 0.001 seconds [static dependencies only]. Details - ImportResultOutputID=f83adf8754b80e825081b59d37a52669 DependenciesID=65bc61fa77c51f27c5bc2c8d00ca7ac0 StaticDependenciesID=23b8c33e6e59cf495868e2198552ec5d 
Asset Pipeline Refresh (id=be8f4438a42473a41b6caa2cde7e4318): Total: 0.031 seconds - Initiated by StopAssetImportingV2(NoUpdateAssetOptions)
Asset Pipeline Refresh (id=0ee9d7f34ea49ba479e033a074bc8828): Total: 0.008 seconds - Initiated by RefreshV2(NoUpdateAssetOptions)
[VuonNho] Da dung scene: Assets/Scenes/Garden.unity — skin 9/9 cho da co model, con lai dung primitive.
UnityEngine.Debug:ExtractStackTraceNoAlloc (byte*,int,string)
UnityEngine.StackTraceUtility:ExtractStackTrace ()
UnityEngine.DebugLogHandler:Internal_Log (UnityEngine.LogType,UnityEngine.LogOption,string,UnityEngine.Object)
UnityEngine.DebugLogHandler:LogFormat (UnityEngine.LogType,UnityEngine.Object,string,object[])
UnityEngine.Logger:Log (UnityEngine.LogType,object)
UnityEngine.Debug:Log (object)
VuonNho.EditorTools.SceneFactory:BuildScene () (at Assets/Editor/SceneFactory.cs:87)
VuonNho.EditorTools.GardenArtImporter:Run (bool) (at Assets/Editor/GardenArtImporter.cs:204)
VuonNho.EditorTools.GardenArtImporter:ImportAndBuild () (at Assets/Editor/GardenArtImporter.cs:121)

(Filename: Assets/Editor/SceneFactory.cs Line: 87)

[VuonNho Art] Calibration + 18 models passed. Existing prefabs and non-empty GardenSkin slots preserved. Docs/Art/import-report.json
UnityEngine.Debug:ExtractStackTraceNoAlloc (byte*,int,string)
UnityEngine.StackTraceUtility:ExtractStackTrace ()
UnityEngine.DebugLogHandler:Internal_Log (UnityEngine.LogType,UnityEngine.LogOption,string,UnityEngine.Object)
UnityEngine.DebugLogHandler:LogFormat (UnityEngine.LogType,UnityEngine.Object,string,object[])
UnityEngine.Logger:Log (UnityEngine.LogType,object)
UnityEngine.Debug:Log (object)
VuonNho.EditorTools.GardenArtImporter:Run (bool) (at Assets/Editor/GardenArtImporter.cs:208)
VuonNho.EditorTools.GardenArtImporter:ImportAndBuild () (at Assets/Editor/GardenArtImporter.cs:121)

(Filename: Assets/Editor/GardenArtImporter.cs Line: 208)

Batchmode quit successfully invoked - shutting down!
Curl error 42: Callback aborted
[Physics::Module] Cleanup current backend.
[Physics::Module] Id: 0xf2b8ea05
Input System module state changed to: ShutdownInProgress.
Input Polling Thread exited.
Input System module state changed to: Shutdown.
[Licensing::IpcConnector] LicenseClient-PC-notifications channel disconnected successfully.
[Licensing::IpcConnector] LicenseClient-PC channel disconnected successfully.
Lingering sessions upon destruction of worker manager
Unity Data Store service was successfully shut down
UDS shutting down local client system
AcceleratorClientConnectionCallback - disconnected - :0
Cleanup mono
CodeReloadManager destroyed
Exiting batchmode successfully now!
[ExitDontLaunchBugReporter] Exiting without the bug reporter. Application will exit with return code 0
