Mono path[0] = 'C:/Users/PC/Desktop/Game/VuonNho/Build/ArtReview/ArtReview_Data/Managed'
Mono config path = 'C:/Users/PC/Desktop/Game/VuonNho/Build/ArtReview/MonoBleedingEdge/etc'
CodeReloadManager initialized
Found 4 interfaces on host : 0) 192.168.102.61 1) 26.253.10.125 2) 172.17.48.1 3) 172.24.64.1
Player connection [28956]  Target information:

Player connection [28956]  * "[IP] 192.168.102.61 [Port] 55000 [Flags] 2 [Guid] 325507759 [EditorId] 858632135 [Version] 1048832 [Id] WindowsPlayer(2,DESKTOP-4OFHBEV) [Debug] 0 [PackageName] WindowsPlayer [ProjectName] Vuon va Tra" 

Player connection [28956]  * "[IP] 26.253.10.125 [Port] 55000 [Flags] 2 [Guid] 325507759 [EditorId] 858632135 [Version] 1048832 [Id] WindowsPlayer(2,DESKTOP-4OFHBEV) [Debug] 0 [PackageName] WindowsPlayer [ProjectName] Vuon va Tra" 

Player connection [28956]  * "[IP] 172.17.48.1 [Port] 55000 [Flags] 2 [Guid] 325507759 [EditorId] 858632135 [Version] 1048832 [Id] WindowsPlayer(2,DESKTOP-4OFHBEV) [Debug] 0 [PackageName] WindowsPlayer [ProjectName] Vuon va Tra" 

Player connection [28956]  * "[IP] 172.24.64.1 [Port] 55000 [Flags] 2 [Guid] 325507759 [EditorId] 858632135 [Version] 1048832 [Id] WindowsPlayer(2,DESKTOP-4OFHBEV) [Debug] 0 [PackageName] WindowsPlayer [ProjectName] Vuon va Tra" 

Player connection [28956] Started UDP target info broadcast (1) on [225.0.0.222:54997].

Input System module state changed to: Initialized.
[Physics::Module] Initialized fallback backend.
[Physics::Module] Id: 0xdecafbad
Initialize engine version: 6000.6.0f1 (f7f8ed4d1e24)
[EntityIdStore] init: VM path (explicit commit), pageSize=4096, blockCount=1048576, entitiesPerBlock=256, slots reserved=4294967296 bytes
[Subsystems] Discovering subsystems at path C:/Users/PC/Desktop/Game/VuonNho/Build/ArtReview/ArtReview_Data/UnitySubsystems
[D3D12 Device Filter] Vendor Name: NVIDIA
[D3D12 Device Filter] Device Name: NVIDIA GeForce RTX 3060
[D3D12 Device Filter] Driver Version: 32.0.15.6109
[D3D12 Device Filter] Feature Level: 12.2
[D3D12 Device Filter] Graphics Memory: 12115 MB
[D3D12 Device Filter] Processor Count: 12
[D3D12 Device Filter] Device Type: Discrete
GfxDevice: creating device client; kGfxThreadingModeSplitJobs
d3d12: failed to query info queue interface (0x80004002).
Direct3D:
    Version:         Direct3D 12 [level 12.2]
    Renderer:        NVIDIA GeForce RTX 3060 (ID=0x2504)
    Vendor:          NVIDIA
    VRAM:            12115 MB
    App VRAM Budget: 11347 MB
    Driver:          32.0.15.6109
Begin MonoManager ReloadAssembly
- Finished resetting the current domain, in  0.012 seconds
[Physics::Module] Selected backend.
[Physics::Module] Name: PhysX
[Physics::Module] Id: 0xf2b8ea05
[Physics::Module] SDK Version: 4.1.2
[Physics::Module] Integration Version: 1.0.0
[Physics::Module] Threading Mode: Multi-Threaded
<RI> Initializing input.
<RI> Input initialized.
UnloadTime: 4.343200 ms
Failed to capture screen shot.
Failed to capture screen shot.
[ArtQA] Capture complete: C:/Users/PC/Desktop/Game/VuonNho/Docs/Art/review
UnityEngine.Debug:ExtractStackTraceNoAlloc (byte*,int,string)
UnityEngine.StackTraceUtility:ExtractStackTrace () (at C:/build/output/unity/unity/Runtime/Export/Scripting/StackTrace.cs:23)
UnityEngine.DebugLogHandler:Internal_Log (UnityEngine.LogType,UnityEngine.LogOption,string,UnityEngine.Object)
UnityEngine.DebugLogHandler:LogFormat (UnityEngine.LogType,UnityEngine.Object,string,object[]) (at C:/build/output/unity/unity/Runtime/Export/Logging/DebugLogHandler.cs:9)
UnityEngine.Logger:Log (UnityEngine.LogType,object) (at C:/build/output/unity/unity/Runtime/Export/Logging/Logger.cs:60)
UnityEngine.Debug:Log (object) (at C:/build/output/unity/unity/Runtime/Export/Debug/Debug.bindings.cs:130)
VuonNho.ArtQa.ArtCapture/<Start>d__6:MoveNext () (at C:/Users/PC/Desktop/Game/VuonNho/Assets/QA/ArtCapture.cs:113)
UnityEngine.SetupCoroutine:InvokeMoveNext (System.Collections.IEnumerator,intptr) (at C:/build/output/unity/unity/Runtime/Export/Scripting/Coroutines.cs:17)

(Filename: C:/build/output/unity/unity/Runtime/Export/Debug/Debug.bindings.cs Line: 130)

[Physics::Module] Cleanup current backend.
[Physics::Module] Id: 0xf2b8ea05
Input System module state changed to: ShutdownInProgress.
Input Polling Thread exited.
Input System module state changed to: Shutdown.
CodeReloadManager destroyed
PlayerConnection::Cleanup##utp:{"type":"MemoryLeaks","version":2,"phase":"Immediate","time":1788688655543,"processId":22724,"allocatedMemory":53538,"memoryLabels":[{"Default":6904},{"NewDelete":760},{"Thread":7616},{"Manager":9431},{"GfxDevice":2448},{"Audio":544},{"Serialization":17000},{"String":443},{"PoolAlloc":192},{"ScriptManager":5688},{"CodeReload":440},{"CloudService":144},{"VR":1928},{"Video":144},{"Subsystems":96},{"CoreBusinessMetrics":128}]}
