Mono path[0] = 'C:/Users/PC/Desktop/Game/VuonNho/Build/HudReview/VuonNho-HudReview_Data/Managed'
Mono config path = 'C:/Users/PC/Desktop/Game/VuonNho/Build/HudReview/MonoBleedingEdge/etc'
CodeReloadManager initialized
Found 4 interfaces on host : 0) 192.168.102.61 1) 26.253.10.125 2) 172.17.48.1 3) 172.24.64.1
Player connection [33884]  Target information:

Player connection [33884]  * "[IP] 192.168.102.61 [Port] 55000 [Flags] 2 [Guid] 3432312999 [EditorId] 798164038 [Version] 1048832 [Id] WindowsPlayer(2,DESKTOP-4OFHBEV) [Debug] 0 [PackageName] WindowsPlayer [ProjectName] VuonNho-HudReview" 

Player connection [33884]  * "[IP] 26.253.10.125 [Port] 55000 [Flags] 2 [Guid] 3432312999 [EditorId] 798164038 [Version] 1048832 [Id] WindowsPlayer(2,DESKTOP-4OFHBEV) [Debug] 0 [PackageName] WindowsPlayer [ProjectName] VuonNho-HudReview" 

Player connection [33884]  * "[IP] 172.17.48.1 [Port] 55000 [Flags] 2 [Guid] 3432312999 [EditorId] 798164038 [Version] 1048832 [Id] WindowsPlayer(2,DESKTOP-4OFHBEV) [Debug] 0 [PackageName] WindowsPlayer [ProjectName] VuonNho-HudReview" 

Player connection [33884]  * "[IP] 172.24.64.1 [Port] 55000 [Flags] 2 [Guid] 3432312999 [EditorId] 798164038 [Version] 1048832 [Id] WindowsPlayer(2,DESKTOP-4OFHBEV) [Debug] 0 [PackageName] WindowsPlayer [ProjectName] VuonNho-HudReview" 

Player connection [33884] Started UDP target info broadcast (1) on [225.0.0.222:54997].

Input System module state changed to: Initialized.
[Physics::Module] Initialized fallback backend.
[Physics::Module] Id: 0xdecafbad
Initialize engine version: 6000.6.0f1 (f7f8ed4d1e24)
[EntityIdStore] init: VM path (explicit commit), pageSize=4096, blockCount=1048576, entitiesPerBlock=256, slots reserved=4294967296 bytes
[Subsystems] Discovering subsystems at path C:/Users/PC/Desktop/Game/VuonNho/Build/HudReview/VuonNho-HudReview_Data/UnitySubsystems
Forcing GfxDevice: Direct3D 11
GfxDevice: creating device client; kGfxThreadingModeClientWorkerJobs
Direct3D:
    Version:  Direct3D 11.0 [level 11.1]
    Renderer: NVIDIA GeForce RTX 3060 (ID=0x2504)
    Vendor:   NVIDIA
    VRAM:     12115 MB
    Driver:   32.0.15.6109
Begin MonoManager ReloadAssembly
- Finished resetting the current domain, in  0.009 seconds
[Physics::Module] Selected backend.
[Physics::Module] Name: PhysX
[Physics::Module] Id: 0xf2b8ea05
[Physics::Module] SDK Version: 4.1.2
[Physics::Module] Integration Version: 1.0.0
[Physics::Module] Threading Mode: Multi-Threaded
<RI> Initializing input.
<RI> Input initialized.
UnloadTime: 0.909000 ms
[VuonNho] Day chuyen: 6 may, 6 tho.
UnityEngine.Debug:ExtractStackTraceNoAlloc (byte*,int,string)
UnityEngine.StackTraceUtility:ExtractStackTrace () (at C:/build/output/unity/unity/Runtime/Export/Scripting/StackTrace.cs:23)
UnityEngine.DebugLogHandler:Internal_Log (UnityEngine.LogType,UnityEngine.LogOption,string,UnityEngine.Object)
UnityEngine.DebugLogHandler:LogFormat (UnityEngine.LogType,UnityEngine.Object,string,object[]) (at C:/build/output/unity/unity/Runtime/Export/Logging/DebugLogHandler.cs:9)
UnityEngine.Logger:Log (UnityEngine.LogType,object) (at C:/build/output/unity/unity/Runtime/Export/Logging/Logger.cs:60)
UnityEngine.Debug:Log (object) (at C:/build/output/unity/unity/Runtime/Export/Debug/Debug.bindings.cs:130)
VuonNho.Views.QaScreenshot:BuildWholeChain (VuonNho.Core.GameSession) (at C:/Users/PC/Desktop/Game/VuonNho/Assets/Scripts/Views/QaScreenshot.cs:280)
VuonNho.Views.QaScreenshot:SeedGrownGarden () (at C:/Users/PC/Desktop/Game/VuonNho/Assets/Scripts/Views/QaScreenshot.cs:198)
VuonNho.Views.QaScreenshot:Update () (at C:/Users/PC/Desktop/Game/VuonNho/Assets/Scripts/Views/QaScreenshot.cs:79)

(Filename: C:/build/output/unity/unity/Runtime/Export/Debug/Debug.bindings.cs Line: 130)

[VuonNho] Da tua vuon: 12 o, 42804 xu.
UnityEngine.Debug:ExtractStackTraceNoAlloc (byte*,int,string)
UnityEngine.StackTraceUtility:ExtractStackTrace () (at C:/build/output/unity/unity/Runtime/Export/Scripting/StackTrace.cs:23)
UnityEngine.DebugLogHandler:Internal_Log (UnityEngine.LogType,UnityEngine.LogOption,string,UnityEngine.Object)
UnityEngine.DebugLogHandler:LogFormat (UnityEngine.LogType,UnityEngine.Object,string,object[]) (at C:/build/output/unity/unity/Runtime/Export/Logging/DebugLogHandler.cs:9)
UnityEngine.Logger:Log (UnityEngine.LogType,object) (at C:/build/output/unity/unity/Runtime/Export/Logging/Logger.cs:60)
UnityEngine.Debug:Log (object) (at C:/build/output/unity/unity/Runtime/Export/Debug/Debug.bindings.cs:130)
VuonNho.Views.QaScreenshot:SeedGrownGarden () (at C:/Users/PC/Desktop/Game/VuonNho/Assets/Scripts/Views/QaScreenshot.cs:207)
VuonNho.Views.QaScreenshot:Update () (at C:/Users/PC/Desktop/Game/VuonNho/Assets/Scripts/Views/QaScreenshot.cs:79)

(Filename: C:/build/output/unity/unity/Runtime/Export/Debug/Debug.bindings.cs Line: 130)

[VuonNho] QA screenshot: C:\Users\PC\Desktop\Game\VuonNho\Docs\screenshots\13-production-line-detail.png
UnityEngine.Debug:ExtractStackTraceNoAlloc (byte*,int,string)
UnityEngine.StackTraceUtility:ExtractStackTrace () (at C:/build/output/unity/unity/Runtime/Export/Scripting/StackTrace.cs:23)
UnityEngine.DebugLogHandler:Internal_Log (UnityEngine.LogType,UnityEngine.LogOption,string,UnityEngine.Object)
UnityEngine.DebugLogHandler:LogFormat (UnityEngine.LogType,UnityEngine.Object,string,object[]) (at C:/build/output/unity/unity/Runtime/Export/Logging/DebugLogHandler.cs:9)
UnityEngine.Logger:Log (UnityEngine.LogType,object) (at C:/build/output/unity/unity/Runtime/Export/Logging/Logger.cs:60)
UnityEngine.Debug:Log (object) (at C:/build/output/unity/unity/Runtime/Export/Debug/Debug.bindings.cs:130)
VuonNho.Views.QaScreenshot:Update () (at C:/Users/PC/Desktop/Game/VuonNho/Assets/Scripts/Views/QaScreenshot.cs:138)

(Filename: C:/build/output/unity/unity/Runtime/Export/Debug/Debug.bindings.cs Line: 130)

[Physics::Module] Cleanup current backend.
[Physics::Module] Id: 0xf2b8ea05
Input System module state changed to: ShutdownInProgress.
Input Polling Thread exited.
Input System module state changed to: Shutdown.
CodeReloadManager destroyed
PlayerConnection::Cleanup##utp:{"type":"MemoryLeaks","version":2,"phase":"Immediate","time":1788718233084,"processId":4884,"allocatedMemory":29514,"memoryLabels":[{"Default":3832},{"NewDelete":104},{"Thread":1536},{"Manager":9364},{"GfxDevice":72},{"GfxThread":4608},{"Serialization":616},{"BaseObject":4512},{"String":446},{"PoolAlloc":192},{"ScriptManager":5688},{"CodeReload":440},{"CloudService":144},{"VR":1928},{"Video":144},{"Subsystems":96},{"CoreBusinessMetrics":128}]}
